4212 3336 5724 7230 2842 7792 
6575 5484 11552 10116 5033 12424 
4874 3936 7340 8046 3452 9088 
2479 2148 5116 3474 2071 4760 
3344 2748 5486 5319 2471 6280 
3222 2772 6462 4599 2649 6168 
6714 5508 10926 10719 4941 12600 
3890 3000 4520 7020 2450 7120 
