7187 11566 12329 10017 5509 4298 10571 7528 9754 
9520 11218 15146 12810 7501 6047 15176 10820 9279 
8360 16508 15060 11840 6202 4658 11300 7852 13994 
3858 9530 10868 8833 3888 3591 7191 8847 9449 
