528367646 753071147 1571327 
596890610 365777060 286658448 
427802720 941443693 971395662 
