69808708 599986165 606399854 59126410 
453034758 964566659 285951259 286874974 
64589515 280923845 713784532 350195772 
953636691 434878073 531989697 770289525 
