368226917 254164976 742241511 579502748 
630941548 957329470 788791652 838925172 
322550544 438125733 740602695 946801738 
45254467 79535831 1503075 592321744 
