245699231 267109864 678753182 
342778340 208501455 567304068 
363184928 630580145 831509354 
