260677687 893691021 328160037 906788090 
484826694 681795293 811597451 173188768 
116195179 550859957 183778738 110352072 
353845041 998587269 341566667 733860558 
