312419 427488 459346 212430 395732 
177822 209922 239459 105858 213490 
268338 366813 402392 185457 336389 
392824 443653 522867 224060 469343 
276722 373073 375009 189943 326504 
