445546628 430090158 831990707 814271340 
805123259 211267521 843220804 265486386 
338052770 325924312 124163833 857243464 
854940312 987067342 526275099 888278838 
