91120 116255 126074 122512 104874 42770 118059 
76110 140425 56649 78198 126500 138671 96272 
85901 130203 40527 12096 85735 74797 110101 
100942 163499 101308 86079 143334 90918 18351 
