123694 54364 62901 99286 58418 80571 
102007 104371 98325 143227 80094 29295 
21480 171413 38081 164809 146118 51951 
159945 80338 127072 136282 135982 32268 
123992 84198 132576 185991 166837 48444 
128421 90529 102806 107673 122517 93927 
120946 40874 98296 35621 100452 94740 
64914 54634 98856 135698 119442 161325 
